LOAD_PATH = /workspace/code/bge-reranker-large/finetuned
DEVICE    = cuda

idx  label       score   query
------------------------------------------------------------
  0      1      6.3251   what is panda?
  1      0     -5.9454   what is panda?
  2      1      7.4157   中国的首都是哪里？
  3      0     -9.3386   中国的首都是哪里？
  4      1      6.2450   What is the speed of light?
  5      0     -9.4895   What is the speed of light?
  6      1      8.2989   谁发明了活字印刷术？
  7      0     -8.1225   谁发明了活字印刷术？
  8      1      7.8322   How to reverse a list in Pytho
  9      0     -9.4883   How to reverse a list in Pytho
 10      1      6.4013   今天天气怎么样？
 11      0     -9.4919   今天天气怎么样？
 12      1      6.8860   Where is Mount Everest located
 13      0     -6.4151   Where is Mount Everest located
 14      1      9.3318   万有引力定律是谁提出的？
 15      0     -9.4914   万有引力定律是谁提出的？
 16      1      5.0594   When did World War II end?
 17      0     -9.4903   When did World War II end?
 18      1      6.0785   如何用Python读取文件？
 19      0     -5.3084   如何用Python读取文件？

wrote /workspace/code/bge-reranker-large/results.json
INFER_OK
