`torch_dtype` is deprecated! Use `dtype` instead!
/usr/local/lib/python3.12/site-packages/flash_attn/ops/triton/layer_norm.py:984: FutureWarning: `torch.cuda.amp.custom_fwd(args...)` is deprecated. Please use `torch.amp.custom_fwd(args..., device_type='cuda')` instead.
  @custom_fwd
/usr/local/lib/python3.12/site-packages/flash_attn/ops/triton/layer_norm.py:1043: FutureWarning: `torch.cuda.amp.custom_bwd(args...)` is deprecated. Please use `torch.amp.custom_bwd(args..., device_type='cuda')` instead.
  @custom_bwd
`torch_dtype` is deprecated! Use `dtype` instead!
[infer] using finetuned model: /workspace/code/jina-embeddings-v3/finetuned
[infer] loaded 20 cases
[infer] model loaded from /workspace/code/jina-embeddings-v3/finetuned
[infer] task ids: retrieval.query=0  retrieval.passage=1
[infer] embedding dim = 1024
[infer] per-case cosine similarities (query-positive vs query-negative):
  case  0 [en/geography] qp=0.7634  qn=0.1014
  case  1 [zh/geography] qp=0.7784  qn=0.0969
  case  2 [es/physics  ] qp=0.7545  qn=0.0856
  case  3 [fr/history  ] qp=0.5333  qn=0.0005
  case  4 [de/code     ] qp=0.8297  qn=0.0767
  case  5 [en/daily-life] qp=0.6398  qn=-0.0548
  case  6 [zh/history  ] qp=0.7022  qn=-0.0834
  case  7 [ja/physics  ] qp=0.7252  qn=0.0446
  case  8 [en/code     ] qp=0.8327  qn=-0.0612
  case  9 [ru/geography] qp=0.8816  qn=0.0131
  case 10 [en/astronomy] qp=0.7324  qn=0.1176
  case 11 [zh/biology  ] qp=0.7902  qn=-0.0526
  case 12 [es/daily-life] qp=0.8199  qn=0.0814
  case 13 [en/math     ] qp=0.7765  qn=0.0624
  case 14 [fr/history  ] qp=0.8795  qn=-0.0392
  case 15 [zh/code     ] qp=0.8094  qn=-0.0302
  case 16 [en/chemistry] qp=0.8228  qn=0.0886
  case 17 [de/daily-life] qp=0.8288  qn=0.0714
  case 18 [es/history  ] qp=0.7158  qn=0.0229
  case 19 [en/physics  ] qp=0.6890  qn=0.0085
[infer] mean query-positive sim = 0.7653
[infer] mean query-negative sim = 0.0275
[infer] wrote /workspace/code/jina-embeddings-v3/results.json
INFER_OK
