A new version of the following files was downloaded from https://huggingface.co/jinaai/xlm-roberta-flash-implementation:
- configuration_xlm_roberta.py
. Make sure to double-check they do not contain any added malicious code. To avoid downloading new versions of the code file, you can pin a revision.
`torch_dtype` is deprecated! Use `dtype` instead!
A new version of the following files was downloaded from https://huggingface.co/jinaai/xlm-roberta-flash-implementation:
- xlm_padding.py
. Make sure to double-check they do not contain any added malicious code. To avoid downloading new versions of the code file, you can pin a revision.
A new version of the following files was downloaded from https://huggingface.co/jinaai/xlm-roberta-flash-implementation:
- mlp.py
. Make sure to double-check they do not contain any added malicious code. To avoid downloading new versions of the code file, you can pin a revision.
A new version of the following files was downloaded from https://huggingface.co/jinaai/xlm-roberta-flash-implementation:
- embedding.py
. Make sure to double-check they do not contain any added malicious code. To avoid downloading new versions of the code file, you can pin a revision.
A new version of the following files was downloaded from https://huggingface.co/jinaai/xlm-roberta-flash-implementation:
- rotary.py
. Make sure to double-check they do not contain any added malicious code. To avoid downloading new versions of the code file, you can pin a revision.
A new version of the following files was downloaded from https://huggingface.co/jinaai/xlm-roberta-flash-implementation:
- stochastic_depth.py
. Make sure to double-check they do not contain any added malicious code. To avoid downloading new versions of the code file, you can pin a revision.
A new version of the following files was downloaded from https://huggingface.co/jinaai/xlm-roberta-flash-implementation:
- mha.py
. Make sure to double-check they do not contain any added malicious code. To avoid downloading new versions of the code file, you can pin a revision.
A new version of the following files was downloaded from https://huggingface.co/jinaai/xlm-roberta-flash-implementation:
- block.py
- stochastic_depth.py
- mha.py
. Make sure to double-check they do not contain any added malicious code. To avoid downloading new versions of the code file, you can pin a revision.
A new version of the following files was downloaded from https://huggingface.co/jinaai/xlm-roberta-flash-implementation:
- modeling_xlm_roberta.py
- xlm_padding.py
- mlp.py
- embedding.py
- rotary.py
- block.py
. Make sure to double-check they do not contain any added malicious code. To avoid downloading new versions of the code file, you can pin a revision.
A new version of the following files was downloaded from https://huggingface.co/jinaai/xlm-roberta-flash-implementation:
- modeling_lora.py
- modeling_xlm_roberta.py
. Make sure to double-check they do not contain any added malicious code. To avoid downloading new versions of the code file, you can pin a revision.
/usr/local/lib/python3.12/site-packages/flash_attn/ops/triton/layer_norm.py:984: FutureWarning: `torch.cuda.amp.custom_fwd(args...)` is deprecated. Please use `torch.amp.custom_fwd(args..., device_type='cuda')` instead.
  @custom_fwd
/usr/local/lib/python3.12/site-packages/flash_attn/ops/triton/layer_norm.py:1043: FutureWarning: `torch.cuda.amp.custom_bwd(args...)` is deprecated. Please use `torch.amp.custom_bwd(args..., device_type='cuda')` instead.
  @custom_bwd
`torch_dtype` is deprecated! Use `dtype` instead!
[train] device=cuda
[train] model_path=/workspace/checkpoints/jina-embeddings-v3
[train] loaded 20 cases
[train] task ids: retrieval.query=0  retrieval.passage=1
[train] trainable params: 12,946,300 / 12,946,300 (LoRA adapters)
[train] epoch 1/2  mean_loss=0.0003
[train] epoch 2/2  mean_loss=0.0001
[2026-08-13 16:47:43,393] [INFO] [real_accelerator.py:203:get_accelerator] Setting ds_accelerator to cuda (auto detect)
/usr/local/lib/python3.12/site-packages/deepspeed/runtime/zero/linear.py:47: FutureWarning: `torch.cuda.amp.custom_fwd(args...)` is deprecated. Please use `torch.amp.custom_fwd(args..., device_type='cuda')` instead.
  @autocast_custom_fwd
/usr/local/lib/python3.12/site-packages/deepspeed/runtime/zero/linear.py:66: FutureWarning: `torch.cuda.amp.custom_bwd(args...)` is deprecated. Please use `torch.amp.custom_bwd(args..., device_type='cuda')` instead.
  @autocast_custom_bwd
[93m [WARNING] [0m async_io requires the dev libaio .so object and headers but these were not found.
[93m [WARNING] [0m async_io: please install the libaio-dev package with apt
[93m [WARNING] [0m If libaio is already installed (perhaps from source), try setting the CFLAGS and LDFLAGS environment variables to where it can be found.
[93m [WARNING] [0m Please specify the CUTLASS repo directory as environment variable $CUTLASS_PATH
[93m [WARNING] [0m sparse_attn requires a torch version >= 1.5 and < 2.0 but detected 2.9
[93m [WARNING] [0m using untested triton version (3.5.0), only 1.0.0 is known to be compatible
[train] saved finetuned model to /workspace/code/jina-embeddings-v3/finetuned
TRAIN_OK
