`torch_dtype` is deprecated! Use `dtype` instead!
/usr/local/lib/python3.12/site-packages/flash_attn/ops/triton/layer_norm.py:984: FutureWarning: `torch.cuda.amp.custom_fwd(args...)` is deprecated. Please use `torch.amp.custom_fwd(args..., device_type='cuda')` instead.
  @custom_fwd
/usr/local/lib/python3.12/site-packages/flash_attn/ops/triton/layer_norm.py:1043: FutureWarning: `torch.cuda.amp.custom_bwd(args...)` is deprecated. Please use `torch.amp.custom_bwd(args..., device_type='cuda')` instead.
  @custom_bwd
`torch_dtype` is deprecated! Use `dtype` instead!
==================================================================
[PPU-EVIDENCE] jina-embeddings-v3
[PPU-EVIDENCE] torch=2.9.0
[PPU-EVIDENCE] torch.cuda.is_available()=True
[PPU-EVIDENCE] device_count=1
[PPU-EVIDENCE] device(0).name='PPU-ZW810E'  <- 须为 'PPU-ZW810E'(本机含光卡)
[PPU-EVIDENCE] CUDA_VISIBLE_DEVICES='2'
[PPU-EVIDENCE] PJRT_DEVICE='CUDA'
[PPU-EVIDENCE] PASS: 设备为本机含光 PPU(非 NVIDIA、非 CPU)
==================================================================
[train] device=cuda
[train] model_path=/workspace/checkpoints/jina-embeddings-v3
[train] loaded 20 cases
[PPU-EVIDENCE] jina-embeddings-v3 first_param.device=cuda:0  cuda_mem_allocated=2185.7MB
[train] task ids: retrieval.query=0  retrieval.passage=1
[train] trainable params: 12,946,300 / 12,946,300 (LoRA adapters)
[train] flops_per_step=303,168,733,184
  epoch 1/2 | step 1/10 | loss 0.000004 | lr 2.00e-05 | 6.31 samples/s  [GPU] ppu2 | mem 7705MiB/98304MiB | util 0% | power 159.1W | temp 40C
  epoch 1/2 | step 2/10 | loss 0.000022 | lr 2.00e-05 | 12.03 samples/s  [GPU] ppu2 | mem 7705MiB/98304MiB | util 0% | power 159.1W | temp 40C
  epoch 1/2 | step 3/10 | loss 0.004098 | lr 2.00e-05 | 11.97 samples/s  [GPU] ppu2 | mem 7769MiB/98304MiB | util 12% | power 163.5W | temp 40C
  epoch 1/2 | step 4/10 | loss 0.000010 | lr 2.00e-05 | 12.14 samples/s  [GPU] ppu2 | mem 7769MiB/98304MiB | util 12% | power 163.5W | temp 40C
  epoch 1/2 | step 5/10 | loss 0.000025 | lr 2.00e-05 | 11.94 samples/s  [GPU] ppu2 | mem 7785MiB/98304MiB | util 30% | power 167.0W | temp 40C
  [eval] epoch 1 | acc 20/20 (1.000) | mean_loss 0.000832
[train] epoch 1/2  mean_loss=0.0008
  epoch 2/2 | step 6/10 | loss 0.000065 | lr 2.00e-05 | 12.26 samples/s  [GPU] ppu2 | mem 7785MiB/98304MiB | util 2% | power 172.4W | temp 41C
  epoch 2/2 | step 7/10 | loss 0.000022 | lr 2.00e-05 | 12.10 samples/s  [GPU] ppu2 | mem 7785MiB/98304MiB | util 20% | power 174.0W | temp 40C
  epoch 2/2 | step 8/10 | loss 0.000289 | lr 2.00e-05 | 12.19 samples/s  [GPU] ppu2 | mem 7785MiB/98304MiB | util 20% | power 174.0W | temp 40C
  epoch 2/2 | step 9/10 | loss 0.000004 | lr 2.00e-05 | 12.14 samples/s  [GPU] ppu2 | mem 7825MiB/98304MiB | util 28% | power 173.9W | temp 40C
  epoch 2/2 | step 10/10 | loss 0.000652 | lr 2.00e-05 | 12.18 samples/s  [GPU] ppu2 | mem 7825MiB/98304MiB | util 28% | power 174.0W | temp 40C
  [eval] epoch 2 | acc 20/20 (1.000) | mean_loss 0.000206
[train] epoch 2/2  mean_loss=0.0002
============================================================================
TRAIN SUMMARY | jina-embeddings-v3 | device PPU-ZW810E (cuda:0, physical ppu2)
  steps=10  epochs=2  train_time=4.284s  throughput=9.34 samples/s
  final_acc=20/20 (1.000)
  GPU mem: peak 7825MiB / 98304MiB   (ppu-smi, 8 samples)
  GPU util: avg 17.5%  peak 30.0%   power avg 167.5W   temp peak 41C
  TFLOPS (measured: FLOP_counter 303168.73M/step × 10 steps / 4.284s): 0.708 TFLOPS
============================================================================
[2026-08-13 17:48:09,102] [INFO] [real_accelerator.py:203:get_accelerator] Setting ds_accelerator to cuda (auto detect)
/usr/local/lib/python3.12/site-packages/deepspeed/runtime/zero/linear.py:47: FutureWarning: `torch.cuda.amp.custom_fwd(args...)` is deprecated. Please use `torch.amp.custom_fwd(args..., device_type='cuda')` instead.
  @autocast_custom_fwd
/usr/local/lib/python3.12/site-packages/deepspeed/runtime/zero/linear.py:66: FutureWarning: `torch.cuda.amp.custom_bwd(args...)` is deprecated. Please use `torch.amp.custom_bwd(args..., device_type='cuda')` instead.
  @autocast_custom_bwd
[93m [WARNING] [0m async_io requires the dev libaio .so object and headers but these were not found.
[93m [WARNING] [0m async_io: please install the libaio-dev package with apt
[93m [WARNING] [0m If libaio is already installed (perhaps from source), try setting the CFLAGS and LDFLAGS environment variables to where it can be found.
[93m [WARNING] [0m Please specify the CUTLASS repo directory as environment variable $CUTLASS_PATH
[93m [WARNING] [0m sparse_attn requires a torch version >= 1.5 and < 2.0 but detected 2.9
[93m [WARNING] [0m using untested triton version (3.5.0), only 1.0.0 is known to be compatible
[train] saved finetuned model to /workspace/code/jina-embeddings-v3/finetuned
[PPU-EVIDENCE] mem after_train: allocated=2351.0MB reserved=7430.0MB
TRAIN_OK
