Loading fine-tuned model from: /workspace/code/bge-large-zh-v1.5/finetuned (device=cuda)
Embedding shape: queries=(20, 1024) dim=1024
Embedding dim assertion OK (1024 == 1024)

idx  q-pos sim | q-neg sim | query
  0  0.8528   | 0.6021   | 中国的首都是哪座城市？
  1  0.7200   | 0.4688   | 长江的发源地在哪里？
  2  0.8471   | 0.6236   | 光在真空中的传播速度是多少？
  3  0.8111   | 0.6326   | 什么是牛顿第二定律？
  4  0.6451   | 0.5538   | 中国历史上第一个统一的封建王朝是哪一个？
  5  0.7382   | 0.5878   | 第二次世界大战是什么时候结束的？
  6  0.8340   | 0.3189   | 如何在Python中定义一个函数？
  7  0.7738   | 0.4447   | 什么是递归？
  8  0.8007   | 0.3185   | 西红柿炒鸡蛋怎么做？
  9  0.7063   | 0.2488   | 感冒了应该怎么办？
 10  0.7566   | 0.6511   | 世界上最高的山峰是哪一座？
 11  0.8323   | 0.6610   | 在标准大气压下水的沸点是多少？
 12  0.7903   | 0.1804   | 中国古代的四大发明分别是什么？
 13  0.7904   | 0.5680   | 什么是快速排序算法？
 14  0.7982   | 0.5332   | 如何选购一台合适的笔记本电脑？
 15  0.7230   | 0.4974   | 撒哈拉沙漠位于哪个大洲？
 16  0.8029   | 0.5139   | 什么是万有引力定律？
 17  0.7621   | 0.4593   | 丝绸之路始于中国哪个朝代？
 18  0.8104   | 0.6588   | 什么是面向对象编程？
 19  0.8003   | 0.4199   | 如何预防近视？

Retrieval (q-pos > q-neg): 20/20

Query-Positive cosine similarity matrix (rows=query, cols=positive):
 0.85  0.05  0.03  0.01 -0.12 -0.00 -0.06 -0.04  0.04  0.10  0.08  0.02  0.07 -0.03  0.03  0.10  0.06  0.05 -0.06  0.08
 0.25  0.72 -0.02 -0.02 -0.08  0.06 -0.04 -0.00 -0.06  0.06  0.05  0.13  0.08 -0.03  0.01  0.18  0.04  0.18  0.00  0.04
 0.05 -0.03  0.85  0.27 -0.10  0.05  0.02  0.06  0.04  0.03  0.10  0.27  0.03  0.13  0.06  0.08  0.19  0.00 -0.00  0.18
 0.03 -0.00  0.16  0.81  0.01  0.10  0.08  0.10 -0.00  0.04  0.07  0.06  0.08  0.09  0.06 -0.03  0.53 -0.01  0.02  0.06
 0.18 -0.02 -0.05  0.07  0.65  0.05 -0.03  0.00  0.01  0.02  0.04  0.01  0.19  0.01 -0.00 -0.01  0.08  0.27  0.09 -0.00
 0.09  0.04  0.08  0.17  0.10  0.74 -0.07  0.07 -0.03  0.05  0.13  0.10  0.03  0.02  0.08  0.10  0.06  0.09  0.01  0.05
-0.02 -0.09  0.02  0.09 -0.06 -0.05  0.83  0.12  0.02 -0.04 -0.06  0.04 -0.03  0.07  0.01 -0.01  0.09 -0.10  0.22 -0.07
 0.03 -0.02  0.07  0.14  0.05  0.06  0.12  0.77 -0.01  0.02  0.01 -0.04  0.05  0.22  0.08 -0.05  0.15  0.06  0.22  0.00
 0.09  0.00  0.07  0.09 -0.02  0.00  0.04  0.07  0.80  0.16  0.00  0.12 -0.00  0.07  0.13 -0.02  0.05  0.04  0.03  0.15
 0.13  0.03  0.02  0.11 -0.06  0.02  0.04  0.08  0.17  0.71  0.05  0.13  0.08  0.08  0.10  0.05  0.03 -0.02  0.09  0.19
 0.16  0.15  0.05  0.14 -0.05  0.11 -0.05 -0.06 -0.04  0.06  0.76  0.14  0.04 -0.06  0.07  0.11  0.08 -0.03 -0.04  0.06
 0.03  0.07  0.25  0.13 -0.13  0.12 -0.01 -0.03  0.01  0.08  0.18  0.83 -0.01  0.02  0.04 -0.00  0.06 -0.12  0.01  0.03
 0.16  0.09  0.11  0.17  0.15 -0.01  0.00  0.09  0.06  0.11  0.07  0.03  0.79  0.07  0.12  0.02  0.20  0.25  0.11  0.12
 0.04 -0.02  0.14  0.18 -0.03  0.04  0.13  0.21  0.06  0.03  0.04  0.01  0.04  0.79  0.12  0.03  0.09 -0.03  0.19  0.06
 0.10 -0.01  0.04  0.11 -0.05  0.15  0.05  0.10  0.15  0.13  0.06  0.08  0.06  0.14  0.80 -0.01  0.07 -0.03  0.08  0.22
 0.11  0.14  0.06  0.01 -0.07  0.13  0.02 -0.06 -0.08 -0.02  0.10  0.01  0.06 -0.02 -0.02  0.72  0.05  0.15 -0.03 -0.04
 0.11  0.04  0.21  0.50  0.01  0.04  0.10  0.11 -0.02  0.03  0.06  0.07  0.10  0.05  0.08  0.08  0.80  0.05  0.04  0.11
 0.19  0.22  0.05  0.02  0.36  0.08 -0.04  0.05 -0.01  0.01  0.11  0.00  0.28 -0.04 -0.02  0.15  0.08  0.76  0.04 -0.05
-0.02 -0.02  0.01  0.07  0.07  0.04  0.21  0.30  0.07  0.06  0.02  0.05  0.10  0.17  0.13  0.01  0.09  0.02  0.81  0.03
 0.12  0.01  0.18  0.09 -0.04  0.04 -0.05  0.04  0.16  0.23  0.05  0.05  0.12  0.09  0.20  0.01  0.11 -0.04  0.02  0.80

Wrote /workspace/code/bge-large-zh-v1.5/results.json
INFER_OK
